---
http_interactions:
- request:
    method: post
    uri: https://api.stripe.com/v1/tokens
    body:
      encoding: US-ASCII
      string: card[number]=4242424242424242&card[exp_month]=8&card[exp_year]=2015&card[cvc]=314
    headers:
      Accept:
      - "*/*; q=0.5, application/xml"
      Accept-Encoding:
      - gzip, deflate
      User-Agent:
      - Stripe/v1 RubyBindings/1.15.0
      Authorization:
      - Bearer sk_test_4ZSo4IFxw0W7DrKtmaTuI8FG
      Content-Type:
      - application/x-www-form-urlencoded
      X-Stripe-Client-User-Agent:
      - '{"bindings_version":"1.15.0","lang":"ruby","lang_version":"2.1.1 p76 (2014-02-24)","platform":"x86_64-darwin13.0","publisher":"stripe","uname":"Darwin
        appletekiMacBook-Air.local 13.3.0 Darwin Kernel Version 13.3.0: Tue Jun  3
        21:27:35 PDT 2014; root:xnu-2422.110.17~1/RELEASE_X86_64 x86_64"}'
      Content-Length:
      - '81'
  response:
    status:
      code: 200
      message: OK
    headers:
      Server:
      - nginx
      Date:
      - Mon, 18 Aug 2014 22:55:35 GMT
      Content-Type:
      - application/json;charset=utf-8
      Content-Length:
      - '596'
      Access-Control-Allow-Credentials:
      - 'true'
      Access-Control-Allow-Methods:
      - GET, POST, HEAD, OPTIONS, DELETE
      Access-Control-Max-Age:
      - '300'
      Cache-Control:
      - no-cache, no-store
      Stripe-Version:
      - '2014-08-04'
      Strict-Transport-Security:
      - max-age=31556926; includeSubDomains
    body:
      encoding: UTF-8
      string: |
        {
          "id": "tok_14Sz2JFuLUPU4NdLKXOdPUlB",
          "livemode": false,
          "created": 1408402535,
          "used": false,
          "object": "token",
          "type": "card",
          "card": {
            "id": "card_14Sz2JFuLUPU4NdL5mIfpiq1",
            "object": "card",
            "last4": "4242",
            "brand": "Visa",
            "funding": "credit",
            "exp_month": 8,
            "exp_year": 2015,
            "fingerprint": "Pgt689xWewRkASyG",
            "country": "US",
            "name": null,
            "address_line1": null,
            "address_line2": null,
            "address_city": null,
            "address_state": null,
            "address_zip": null,
            "address_country": null,
            "customer": null
          }
        }
    http_version: 
  recorded_at: Mon, 18 Aug 2014 22:55:36 GMT
- request:
    method: post
    uri: https://api.stripe.com/v1/customers
    body:
      encoding: US-ASCII
      string: email=test%40email.com&card=tok_14Sz2JFuLUPU4NdLKXOdPUlB
    headers:
      Accept:
      - "*/*; q=0.5, application/xml"
      Accept-Encoding:
      - gzip, deflate
      User-Agent:
      - Stripe/v1 RubyBindings/1.15.0
      Authorization:
      - Bearer sk_test_4ZSo4IFxw0W7DrKtmaTuI8FG
      Content-Type:
      - application/x-www-form-urlencoded
      X-Stripe-Client-User-Agent:
      - '{"bindings_version":"1.15.0","lang":"ruby","lang_version":"2.1.1 p76 (2014-02-24)","platform":"x86_64-darwin13.0","publisher":"stripe","uname":"Darwin
        appletekiMacBook-Air.local 13.3.0 Darwin Kernel Version 13.3.0: Tue Jun  3
        21:27:35 PDT 2014; root:xnu-2422.110.17~1/RELEASE_X86_64 x86_64"}'
      Content-Length:
      - '56'
  response:
    status:
      code: 200
      message: OK
    headers:
      Server:
      - nginx
      Date:
      - Mon, 18 Aug 2014 22:55:37 GMT
      Content-Type:
      - application/json;charset=utf-8
      Content-Length:
      - '1273'
      Access-Control-Allow-Credentials:
      - 'true'
      Access-Control-Allow-Methods:
      - GET, POST, HEAD, OPTIONS, DELETE
      Access-Control-Max-Age:
      - '300'
      Cache-Control:
      - no-cache, no-store
      Stripe-Version:
      - '2014-08-04'
      Strict-Transport-Security:
      - max-age=31556926; includeSubDomains
    body:
      encoding: UTF-8
      string: |
        {
          "object": "customer",
          "created": 1408402537,
          "id": "cus_4cDTiN1k2hg3gE",
          "livemode": false,
          "description": null,
          "email": "test@email.com",
          "delinquent": false,
          "metadata": {},
          "subscriptions": {
            "object": "list",
            "total_count": 0,
            "has_more": false,
            "url": "/v1/customers/cus_4cDTiN1k2hg3gE/subscriptions",
            "data": []
          },
          "discount": null,
          "account_balance": 0,
          "currency": null,
          "cards": {
            "object": "list",
            "total_count": 1,
            "has_more": false,
            "url": "/v1/customers/cus_4cDTiN1k2hg3gE/cards",
            "data": [
              {
                "id": "card_14Sz2JFuLUPU4NdL5mIfpiq1",
                "object": "card",
                "last4": "4242",
                "brand": "Visa",
                "funding": "credit",
                "exp_month": 8,
                "exp_year": 2015,
                "fingerprint": "Pgt689xWewRkASyG",
                "country": "US",
                "name": null,
                "address_line1": null,
                "address_line2": null,
                "address_city": null,
                "address_state": null,
                "address_zip": null,
                "address_country": null,
                "cvc_check": "pass",
                "address_line1_check": null,
                "address_zip_check": null,
                "customer": "cus_4cDTiN1k2hg3gE"
              }
            ]
          },
          "default_card": "card_14Sz2JFuLUPU4NdL5mIfpiq1"
        }
    http_version: 
  recorded_at: Mon, 18 Aug 2014 22:55:37 GMT
- request:
    method: post
    uri: https://api.stripe.com/v1/charges
    body:
      encoding: US-ASCII
      string: customer=cus_4cDTiN1k2hg3gE&amount=999&description=charge%20of%20signup%20test%40email.com&currency=usd
    headers:
      Accept:
      - "*/*; q=0.5, application/xml"
      Accept-Encoding:
      - gzip, deflate
      User-Agent:
      - Stripe/v1 RubyBindings/1.15.0
      Authorization:
      - Bearer sk_test_4ZSo4IFxw0W7DrKtmaTuI8FG
      Content-Type:
      - application/x-www-form-urlencoded
      X-Stripe-Client-User-Agent:
      - '{"bindings_version":"1.15.0","lang":"ruby","lang_version":"2.1.1 p76 (2014-02-24)","platform":"x86_64-darwin13.0","publisher":"stripe","uname":"Darwin
        appletekiMacBook-Air.local 13.3.0 Darwin Kernel Version 13.3.0: Tue Jun  3
        21:27:35 PDT 2014; root:xnu-2422.110.17~1/RELEASE_X86_64 x86_64"}'
      Content-Length:
      - '103'
  response:
    status:
      code: 200
      message: OK
    headers:
      Server:
      - nginx
      Date:
      - Mon, 18 Aug 2014 22:55:38 GMT
      Content-Type:
      - application/json;charset=utf-8
      Content-Length:
      - '1259'
      Access-Control-Allow-Credentials:
      - 'true'
      Access-Control-Allow-Methods:
      - GET, POST, HEAD, OPTIONS, DELETE
      Access-Control-Max-Age:
      - '300'
      Cache-Control:
      - no-cache, no-store
      Stripe-Version:
      - '2014-08-04'
      Strict-Transport-Security:
      - max-age=31556926; includeSubDomains
    body:
      encoding: UTF-8
      string: |
        {
          "id": "ch_14Sz2MFuLUPU4NdLThLZuSdC",
          "object": "charge",
          "created": 1408402538,
          "livemode": false,
          "paid": true,
          "amount": 999,
          "currency": "usd",
          "refunded": false,
          "card": {
            "id": "card_14Sz2JFuLUPU4NdL5mIfpiq1",
            "object": "card",
            "last4": "4242",
            "brand": "Visa",
            "funding": "credit",
            "exp_month": 8,
            "exp_year": 2015,
            "fingerprint": "Pgt689xWewRkASyG",
            "country": "US",
            "name": null,
            "address_line1": null,
            "address_line2": null,
            "address_city": null,
            "address_state": null,
            "address_zip": null,
            "address_country": null,
            "cvc_check": "pass",
            "address_line1_check": null,
            "address_zip_check": null,
            "customer": "cus_4cDTiN1k2hg3gE"
          },
          "captured": true,
          "refunds": {
            "object": "list",
            "total_count": 0,
            "has_more": false,
            "url": "/v1/charges/ch_14Sz2MFuLUPU4NdLThLZuSdC/refunds",
            "data": []
          },
          "balance_transaction": "txn_14Sz2MFuLUPU4NdLXnGAVWM4",
          "failure_message": null,
          "failure_code": null,
          "amount_refunded": 0,
          "customer": "cus_4cDTiN1k2hg3gE",
          "invoice": null,
          "description": "charge of signup test@email.com",
          "dispute": null,
          "metadata": {},
          "statement_description": null,
          "receipt_email": null
        }
    http_version: 
  recorded_at: Mon, 18 Aug 2014 22:55:38 GMT
recorded_with: VCR 2.9.2
